127.0.0.1 - - [01/Feb/2018:11:36:02 +0800] "GET / HTTP/1.0" 200 57 http-bio-8093-exec-1 49
0:0:0:0:0:0:0:1 - - [01/Feb/2018:11:36:28 +0800] "GET /favicon.ico HTTP/1.0" 404 973 http-bio-8093-exec-2 5
127.0.0.1 - - [01/Feb/2018:11:54:27 +0800] "GET / HTTP/1.0" 200 57 http-bio-8093-exec-1 50
0:0:0:0:0:0:0:1 - - [01/Feb/2018:11:55:40 +0800] "GET /user/check/4545454jij/1?r=0.5138677300827417&callback=jsonp1517457293795&_=1517457340107 HTTP/1.0" 404 997 http-bio-8093-exec-2 22
127.0.0.1 - - [01/Feb/2018:11:55:59 +0800] "GET /user/check/18719049292/2?r=0.5999961009741901&callback=jsonp1517457293796&_=1517457359222 HTTP/1.0" 404 999 http-bio-8093-exec-3 2
0:0:0:0:0:0:0:1 - - [01/Feb/2018:14:12:47 +0800] "GET /user/check/pppppp/1?r=0.42967616868702097&callback=jsonp1517465515541&_=1517465567706 HTTP/1.0" 404 989 http-bio-8093-exec-1 45
127.0.0.1 - - [01/Feb/2018:14:15:15 +0800] "GET /user/check/uuuuuuuu/1?r=0.998501702778199&callback=jsonp1517465515542&_=1517465715161 HTTP/1.0" 404 993 http-bio-8093-exec-2 3
0:0:0:0:0:0:0:1 - - [01/Feb/2018:14:23:01 +0800] "GET /user/check/uuuuuu/1?r=0.48566311963215214&callback=jsonp1517466173965&_=1517466181360 HTTP/1.0" 404 989 http-bio-8093-exec-3 5
127.0.0.1 - - [01/Feb/2018:15:32:28 +0800] "GET /user/check/admin123/1?r=0.3964212547208392&callback=jsonp1517470334534&_=1517470348118 HTTP/1.0" 200 26 http-bio-8093-exec-1 465
0:0:0:0:0:0:0:1 - - [01/Feb/2018:15:32:51 +0800] "GET /user/check/admin123/1?r=0.8607361754005673&callback=jsonp1517470364070&_=1517470371786 HTTP/1.0" 200 26 http-bio-8093-exec-2 19
127.0.0.1 - - [01/Feb/2018:15:34:46 +0800] "GET /user/check/admin123/1?r=0.689082705584132&callback=jsonp1517470446950&_=1517470452362 HTTP/1.0" 200 26 http-bio-8093-exec-1 33773
127.0.0.1 - - [01/Feb/2018:15:54:15 +0800] "GET /user/check/admin123/1?r=0.6020926304507166&callback=jsonp1517471642810&_=1517471655325 HTTP/1.0" 200 26 http-bio-8093-exec-1 377
0:0:0:0:0:0:0:1 - - [01/Feb/2018:15:54:24 +0800] "GET /user/check/18719049292/2?r=0.6023023169401189&callback=jsonp1517471642811&_=1517471664921 HTTP/1.0" 200 26 http-bio-8093-exec-2 6
127.0.0.1 - - [01/Feb/2018:16:12:26 +0800] "GET /user/check/admin1223/1?r=0.6209552649107595&callback=jsonp1517472740850&_=1517472746460 HTTP/1.0" 200 26 http-bio-8093-exec-1 363
0:0:0:0:0:0:0:1 - - [01/Feb/2018:16:12:41 +0800] "GET /user/check/18719049292/2?r=0.9464396057677287&callback=jsonp1517472740851&_=1517472761281 HTTP/1.0" 200 26 http-bio-8093-exec-2 5
127.0.0.1 - - [01/Feb/2018:16:21:56 +0800] "GET /user/check/qwetyu/1?r=0.6051542475712266&callback=jsonp1517473307331&_=1517473316624 HTTP/1.0" 200 26 http-bio-8093-exec-3 12
0:0:0:0:0:0:0:1 - - [01/Feb/2018:16:22:09 +0800] "GET /user/check/18020116632/2?r=0.577391291661477&callback=jsonp1517473307332&_=1517473329186 HTTP/1.0" 200 26 http-bio-8093-exec-4 5
127.0.0.1 - - [01/Feb/2018:16:56:00 +0800] "GET /user/check/admin123/1?r=0.1629469158574981&callback=jsonp1517475355469&_=1517475360538 HTTP/1.0" 200 26 http-bio-8093-exec-1 387
0:0:0:0:0:0:0:1 - - [01/Feb/2018:16:56:09 +0800] "GET /user/check/18719049292/2?r=0.7515402017766311&callback=jsonp1517475355470&_=1517475369973 HTTP/1.0" 200 26 http-bio-8093-exec-2 13
127.0.0.1 - - [01/Feb/2018:16:58:21 +0800] "GET /user/check/admin123/1?r=0.11566881556493502&callback=jsonp1517475496736&_=1517475501517 HTTP/1.0" 200 26 http-bio-8093-exec-1 360
0:0:0:0:0:0:0:1 - - [01/Feb/2018:16:58:31 +0800] "GET /user/check/18020116632/2?r=0.7513139255186703&callback=jsonp1517475496737&_=1517475511725 HTTP/1.0" 200 26 http-bio-8093-exec-2 7
127.0.0.1 - - [01/Feb/2018:16:59:51 +0800] "GET /user/check/admin123/1?r=0.20524030686304773&callback=jsonp1517475586079&_=1517475591134 HTTP/1.0" 200 26 http-bio-8093-exec-1 354
0:0:0:0:0:0:0:1 - - [01/Feb/2018:17:00:00 +0800] "GET /user/check/18719049292/2?r=0.9605465566576608&callback=jsonp1517475586080&_=1517475600915 HTTP/1.0" 200 26 http-bio-8093-exec-2 6
127.0.0.1 - - [01/Feb/2018:17:02:18 +0800] "GET /user/check/admin123/1?r=0.7469596601557527&callback=jsonp1517475731213&_=1517475738555 HTTP/1.0" 200 26 http-bio-8093-exec-1 356
0:0:0:0:0:0:0:1 - - [01/Feb/2018:17:02:32 +0800] "GET /user/check/18020116632/2?r=0.5905431117729361&callback=jsonp1517475731214&_=1517475752253 HTTP/1.0" 200 26 http-bio-8093-exec-2 6
127.0.0.1 - - [01/Feb/2018:17:03:29 +0800] "GET /user/check/admin123/1?r=0.5627324764554071&callback=jsonp1517475799660&_=1517475809242 HTTP/1.0" 200 26 http-bio-8093-exec-1 358
0:0:0:0:0:0:0:1 - - [01/Feb/2018:17:03:43 +0800] "GET /user/check/18020116632/2?r=0.2629797300593604&callback=jsonp1517475799661&_=1517475823732 HTTP/1.0" 200 26 http-bio-8093-exec-2 8
127.0.0.1 - - [01/Feb/2018:17:03:45 +0800] "POST /user/register HTTP/1.0" 200 64 http-bio-8093-exec-3 26
0:0:0:0:0:0:0:1 - - [01/Feb/2018:17:05:54 +0800] "GET /user/check/ADMIN123/1?r=0.6573721236653047&callback=jsonp1517475947733&_=1517475954090 HTTP/1.0" 200 26 http-bio-8093-exec-1 366
127.0.0.1 - - [01/Feb/2018:17:06:01 +0800] "GET /user/check/18020116632/2?r=0.6076795732769165&callback=jsonp1517475947734&_=1517475961364 HTTP/1.0" 200 26 http-bio-8093-exec-2 5
0:0:0:0:0:0:0:1 - - [01/Feb/2018:17:06:03 +0800] "POST /user/register HTTP/1.0" 200 64 http-bio-8093-exec-3 27
127.0.0.1 - - [01/Feb/2018:17:08:40 +0800] "GET /user/check/admin123/1?r=0.6550263759692863&callback=jsonp1517476116076&_=1517476120478 HTTP/1.0" 200 26 http-bio-8093-exec-1 363
0:0:0:0:0:0:0:1 - - [01/Feb/2018:17:08:53 +0800] "GET /user/check/18020116632/2?r=0.8845529755046451&callback=jsonp1517476116077&_=1517476133285 HTTP/1.0" 200 26 http-bio-8093-exec-2 6
127.0.0.1 - - [01/Feb/2018:17:08:54 +0800] "POST /user/register HTTP/1.0" 200 64 http-bio-8093-exec-3 74
0:0:0:0:0:0:0:1 - - [01/Feb/2018:17:10:36 +0800] "GET /user/check/admin123/1?r=0.5778882294740333&callback=jsonp1517476231836&_=1517476236095 HTTP/1.0" 200 26 http-bio-8093-exec-1 353
127.0.0.1 - - [01/Feb/2018:17:10:44 +0800] "GET /user/check/18020116632/2?r=0.8751396040986494&callback=jsonp1517476231837&_=1517476244804 HTTP/1.0" 200 26 http-bio-8093-exec-2 6
0:0:0:0:0:0:0:1 - - [01/Feb/2018:17:10:46 +0800] "POST /user/register HTTP/1.0" 200 64 http-bio-8093-exec-3 27
127.0.0.1 - - [01/Feb/2018:17:13:21 +0800] "GET /user/check/admin123/1?r=0.3538494827218388&callback=jsonp1517476396898&_=1517476401398 HTTP/1.0" 200 26 http-bio-8093-exec-1 373
0:0:0:0:0:0:0:1 - - [01/Feb/2018:17:13:31 +0800] "GET /user/check/18020116632/2?r=0.6642830663414214&callback=jsonp1517476396899&_=1517476411469 HTTP/1.0" 200 26 http-bio-8093-exec-2 8
127.0.0.1 - - [01/Feb/2018:17:13:33 +0800] "POST /user/register HTTP/1.0" 200 53 http-bio-8093-exec-3 121
0:0:0:0:0:0:0:1 - - [01/Feb/2018:19:29:40 +0800] "POST /user/login HTTP/1.0" 200 77 http-bio-8093-exec-1 342
127.0.0.1 - - [01/Feb/2018:19:29:41 +0800] "GET /user/query/dc5f8205479e299a38192f7d820c9d4f?callback=jsonp1517484581031&_=1517484581067 HTTP/1.0" 404 1037 http-bio-8093-exec-2 9
0:0:0:0:0:0:0:1 - - [01/Feb/2018:19:29:57 +0800] "POST /user/login HTTP/1.0" 200 77 http-bio-8093-exec-3 7
127.0.0.1 - - [01/Feb/2018:19:29:57 +0800] "GET /user/query/f514e23a4fa74d1f32f835a1457b674a?callback=jsonp1517484597210&_=1517484597259 HTTP/1.0" 404 1037 http-bio-8093-exec-4 4
0:0:0:0:0:0:0:1 - - [01/Feb/2018:19:30:07 +0800] "POST /user/login HTTP/1.0" 200 77 http-bio-8093-exec-5 7
127.0.0.1 - - [01/Feb/2018:19:30:07 +0800] "GET /user/query/5a0be61c4dee0381df8c455486696fd1?callback=jsonp1517484607454&_=1517484607491 HTTP/1.0" 404 1037 http-bio-8093-exec-6 2
0:0:0:0:0:0:0:1 - - [01/Feb/2018:19:30:16 +0800] "GET /user/query/5a0be61c4dee0381df8c455486696fd1?callback=jsonp1517484616587&_=1517484616636 HTTP/1.0" 404 1037 http-bio-8093-exec-7 2
127.0.0.1 - - [01/Feb/2018:19:30:29 +0800] "POST /user/login HTTP/1.0" 200 63 http-bio-8093-exec-8 7
0:0:0:0:0:0:0:1 - - [01/Feb/2018:19:30:29 +0800] "GET /user/query/5a0be61c4dee0381df8c455486696fd1?callback=jsonp1517484629604&_=1517484629641 HTTP/1.0" 404 1037 http-bio-8093-exec-9 2
127.0.0.1 - - [01/Feb/2018:19:32:24 +0800] "POST /user/login HTTP/1.0" 200 63 http-bio-8093-exec-1 364
0:0:0:0:0:0:0:1 - - [01/Feb/2018:19:32:24 +0800] "GET /user/query/5a0be61c4dee0381df8c455486696fd1?callback=jsonp1517484744884&_=1517484744924 HTTP/1.0" 404 1037 http-bio-8093-exec-2 8
127.0.0.1 - - [01/Feb/2018:19:34:55 +0800] "POST /user/login HTTP/1.0" 200 64 http-bio-8093-exec-1 397
0:0:0:0:0:0:0:1 - - [01/Feb/2018:19:34:55 +0800] "GET /user/query/5a0be61c4dee0381df8c455486696fd1?callback=jsonp1517484895822&_=1517484895858 HTTP/1.0" 404 1037 http-bio-8093-exec-2 10
127.0.0.1 - - [01/Feb/2018:19:35:04 +0800] "POST /user/login HTTP/1.0" 200 64 http-bio-8093-exec-3 10
0:0:0:0:0:0:0:1 - - [01/Feb/2018:19:35:04 +0800] "GET /user/query/5a0be61c4dee0381df8c455486696fd1?callback=jsonp1517484904221&_=1517484904256 HTTP/1.0" 404 1037 http-bio-8093-exec-4 2
127.0.0.1 - - [01/Feb/2018:19:35:53 +0800] "POST /user/login HTTP/1.0" 200 64 http-bio-8093-exec-5 9
0:0:0:0:0:0:0:1 - - [01/Feb/2018:19:35:53 +0800] "GET /user/query/5a0be61c4dee0381df8c455486696fd1?callback=jsonp1517484953287&_=1517484953324 HTTP/1.0" 404 1037 http-bio-8093-exec-6 3
127.0.0.1 - - [01/Feb/2018:19:36:57 +0800] "POST /user/login HTTP/1.0" 200 64 http-bio-8093-exec-1 379
0:0:0:0:0:0:0:1 - - [01/Feb/2018:19:36:57 +0800] "GET /user/query/5a0be61c4dee0381df8c455486696fd1?callback=jsonp1517485017795&_=1517485017837 HTTP/1.0" 404 1037 http-bio-8093-exec-2 9
0:0:0:0:0:0:0:1 - - [01/Feb/2018:19:39:12 +0800] "GET /user/query/5a0be61c4dee0381df8c455486696fd1?callback=jsonp1517485152577&_=1517485152630 HTTP/1.0" 404 1037 http-bio-8093-exec-2 20
127.0.0.1 - - [01/Feb/2018:19:42:07 +0800] "POST /user/login HTTP/1.0" 200 64 http-bio-8093-exec-1 470
0:0:0:0:0:0:0:1 - - [01/Feb/2018:19:42:57 +0800] "GET /user/query/5a0be61c4dee0381df8c455486696fd1?callback=jsonp1517485377066&_=1517485377111 HTTP/1.0" 404 1037 http-bio-8093-exec-2 12
127.0.0.1 - - [01/Feb/2018:19:45:00 +0800] "POST /user/login HTTP/1.0" 200 64 http-bio-8093-exec-1 407
0:0:0:0:0:0:0:1 - - [01/Feb/2018:19:45:02 +0800] "POST /user/login HTTP/1.0" 200 64 http-bio-8093-exec-2 5
127.0.0.1 - - [01/Feb/2018:19:45:09 +0800] "POST /user/login HTTP/1.0" 200 77 http-bio-8093-exec-3 8
0:0:0:0:0:0:0:1 - - [01/Feb/2018:19:45:10 +0800] "GET /user/query/d7c31193ed337d06760a948fa87cbe57?callback=jsonp1517485510140&_=1517485510180 HTTP/1.0" 404 1037 http-bio-8093-exec-4 9
127.0.0.1 - - [01/Feb/2018:20:03:56 +0800] "POST /user/login HTTP/1.0" 200 64 http-bio-8093-exec-1 364
0:0:0:0:0:0:0:1 - - [01/Feb/2018:20:04:04 +0800] "POST /user/login HTTP/1.0" 200 64 http-bio-8093-exec-2 14
127.0.0.1 - - [01/Feb/2018:20:04:06 +0800] "POST /user/login HTTP/1.0" 200 64 http-bio-8093-exec-3 9
0:0:0:0:0:0:0:1 - - [01/Feb/2018:20:04:32 +0800] "POST /user/login HTTP/1.0" 200 64 http-bio-8093-exec-4 14
127.0.0.1 - - [01/Feb/2018:20:06:19 +0800] "POST /user/login HTTP/1.0" 200 77 http-bio-8093-exec-1 366
0:0:0:0:0:0:0:1 - - [01/Feb/2018:20:06:19 +0800] "GET /user/query/1177e5321d00281564623bf2af5414e6?callback=jsonp1517486779518&_=1517486779557 HTTP/1.0" 404 1037 http-bio-8093-exec-2 15
127.0.0.1 - - [01/Feb/2018:20:07:56 +0800] "POST /user/login HTTP/1.0" 200 77 http-bio-8093-exec-3 11
0:0:0:0:0:0:0:1 - - [01/Feb/2018:20:07:56 +0800] "GET /user/query/0de2bdc125c7769eb0868effddeb6dbf?callback=jsonp1517486876249&_=1517486876284 HTTP/1.0" 404 1037 http-bio-8093-exec-4 2
127.0.0.1 - - [01/Feb/2018:20:11:10 +0800] "GET /user/query/0de2bdc125c7769eb0868effddeb6dbf?callback=jsonp1517487070219&_=1517487070251 HTTP/1.0" 404 1037 http-bio-8093-exec-5 4
0:0:0:0:0:0:0:1 - - [01/Feb/2018:20:23:21 +0800] "GET /user/query/0de2bdc125c7769eb0868effddeb6dbf?callback=jsonp1517487799818&_=1517487799871 HTTP/1.0" 404 1073 http-bio-8093-exec-1 124
127.0.0.1 - - [01/Feb/2018:20:23:32 +0800] "POST /user/login HTTP/1.0" 200 77 http-bio-8093-exec-2 292
0:0:0:0:0:0:0:1 - - [01/Feb/2018:20:23:32 +0800] "GET /user/query/16f1f8814099137f996e6936a81eb2b4?callback=jsonp1517487812813&_=1517487812855 HTTP/1.0" 404 1073 http-bio-8093-exec-3 4
127.0.0.1 - - [01/Feb/2018:20:25:51 +0800] "POST /user/login HTTP/1.0" 200 77 http-bio-8093-exec-1 370
0:0:0:0:0:0:0:1 - - [01/Feb/2018:20:25:52 +0800] "GET /user/query/bf0e026f51b9dbd6f745599b74041824?callback=jsonp1517487952053&_=1517487952091 HTTP/1.0" 200 211 http-bio-8093-exec-2 39
127.0.0.1 - - [01/Feb/2018:20:32:29 +0800] "POST /user/login HTTP/1.0" 200 77 http-bio-8093-exec-3 15
0:0:0:0:0:0:0:1 - - [01/Feb/2018:20:32:30 +0800] "GET /user/query/d2c0adbb227f0af37141a03da83363f9?callback=jsonp1517488349958&_=1517488350005 HTTP/1.0" 200 211 http-bio-8093-exec-4 4
127.0.0.1 - - [01/Feb/2018:20:48:46 +0800] "POST /user/login HTTP/1.0" 200 77 http-bio-8093-exec-1 358
0:0:0:0:0:0:0:1 - - [01/Feb/2018:20:48:46 +0800] "GET /user/query/21178d71f73391162cfc78e186125acb?callback=jsonp1517489326368&_=1517489326409 HTTP/1.0" 200 189 http-bio-8093-exec-2 42
127.0.0.1 - - [01/Feb/2018:20:49:13 +0800] "POST /user/login HTTP/1.0" 200 77 http-bio-8093-exec-3 9
0:0:0:0:0:0:0:1 - - [01/Feb/2018:20:49:14 +0800] "GET /user/query/82bbeeeebb3853dee49f3940c02d9933?callback=jsonp1517489354047&_=1517489354084 HTTP/1.0" 200 189 http-bio-8093-exec-4 4
127.0.0.1 - - [01/Feb/2018:20:50:26 +0800] "POST /user/login HTTP/1.0" 200 77 http-bio-8093-exec-1 373
0:0:0:0:0:0:0:1 - - [01/Feb/2018:20:50:26 +0800] "GET /user/query/a4d41eb5f57f68af894576691d055ea9?callback=jsonp1517489426451&_=1517489426488 HTTP/1.0" 200 189 http-bio-8093-exec-2 40
127.0.0.1 - - [01/Feb/2018:20:54:06 +0800] "POST /user/login HTTP/1.0" 200 77 http-bio-8093-exec-1 356
0:0:0:0:0:0:0:1 - - [01/Feb/2018:20:54:07 +0800] "GET /user/query/9c69c1b70e3b733f26afe78512e93f2d?callback=jsonp1517489646972&_=1517489647007 HTTP/1.0" 200 168 http-bio-8093-exec-2 8
127.0.0.1 - - [01/Feb/2018:20:54:16 +0800] "GET /user/query/9c69c1b70e3b733f26afe78512e93f2d?callback=jsonp1517489656460&_=1517489656495 HTTP/1.0" 200 168 http-bio-8093-exec-3 4
0:0:0:0:0:0:0:1 - - [01/Feb/2018:20:55:53 +0800] "GET /user/query/9c69c1b70e3b733f26afe78512e93f2d?callback=jsonp1517489753252&_=1517489753285 HTTP/1.0" 200 256 http-bio-8093-exec-1 98
127.0.0.1 - - [01/Feb/2018:20:56:39 +0800] "GET /user/query/9c69c1b70e3b733f26afe78512e93f2d?callback=jsonp1517489799739&_=1517489799771 HTTP/1.0" 200 213 http-bio-8093-exec-1 88
0:0:0:0:0:0:0:1 - - [01/Feb/2018:20:59:29 +0800] "POST /user/login HTTP/1.0" 200 77 http-bio-8093-exec-2 302
127.0.0.1 - - [01/Feb/2018:20:59:29 +0800] "GET /user/query/a00f692c7b415718e6ec39fbc20bfdf3?callback=jsonp1517489969652&_=1517489969692 HTTP/1.0" 200 213 http-bio-8093-exec-3 5
0:0:0:0:0:0:0:1 - - [01/Feb/2018:20:59:36 +0800] "GET /user/query/a00f692c7b415718e6ec39fbc20bfdf3?callback=jsonp1517489976608&_=1517489976644 HTTP/1.0" 200 213 http-bio-8093-exec-4 3
0:0:0:0:0:0:0:1 - - [01/Feb/2018:21:00:08 +0800] "POST /user/login HTTP/1.0" 200 77 http-bio-8093-exec-1 347
127.0.0.1 - - [01/Feb/2018:21:00:08 +0800] "GET /user/query/0f7c458ff1aa90d5128068daf4f1c9b7?callback=jsonp1517490008430&_=1517490008462 HTTP/1.0" 200 256 http-bio-8093-exec-2 11
0:0:0:0:0:0:0:1 - - [01/Feb/2018:21:00:14 +0800] "GET /user/query/0f7c458ff1aa90d5128068daf4f1c9b7?callback=jsonp1517490014164&_=1517490014198 HTTP/1.0" 200 256 http-bio-8093-exec-3 4
127.0.0.1 - - [01/Feb/2018:21:08:34 +0800] "POST /user/login HTTP/1.0" 200 77 http-bio-8093-exec-4 12
0:0:0:0:0:0:0:1 - - [01/Feb/2018:21:08:34 +0800] "GET /user/query/e9893647996a26d656adfd6e07efc45a?callback=jsonp1517490514285&_=1517490514308 HTTP/1.0" 200 256 http-bio-8093-exec-5 4
127.0.0.1 - - [01/Feb/2018:21:08:42 +0800] "GET /user/query/e9893647996a26d656adfd6e07efc45a?callback=jsonp1517490522721&_=1517490522752 HTTP/1.0" 200 256 http-bio-8093-exec-6 4
0:0:0:0:0:0:0:1 - - [01/Feb/2018:21:08:59 +0800] "GET /user/query/e9893647996a26d656adfd6e07efc45a?callback=jsonp1517490539323&_=1517490539361 HTTP/1.0" 200 256 http-bio-8093-exec-7 3
127.0.0.1 - - [01/Feb/2018:21:19:54 +0800] "GET /user/query/e9893647996a26d656adfd6e07efc45a?callback=jsonp1517491194057&_=1517491194089 HTTP/1.0" 200 256 http-bio-8093-exec-1 109
0:0:0:0:0:0:0:1 - - [01/Feb/2018:21:20:35 +0800] "GET /user/query/e9893647996a26d656adfd6e07efc45a?callback=jsonp1517491235408&_=1517491235428 HTTP/1.0" 200 256 http-bio-8093-exec-1 106
127.0.0.1 - - [01/Feb/2018:21:22:44 +0800] "GET /user/query/e9893647996a26d656adfd6e07efc45a?callback=jsonp1517491364535&_=1517491364561 HTTP/1.0" 200 256 http-bio-8093-exec-1 102
0:0:0:0:0:0:0:1 - - [01/Feb/2018:21:22:46 +0800] "GET /user/query/e9893647996a26d656adfd6e07efc45a?callback=jsonp1517491366091&_=1517491366109 HTTP/1.0" 200 256 http-bio-8093-exec-2 3
127.0.0.1 - - [01/Feb/2018:21:22:47 +0800] "GET /user/query/e9893647996a26d656adfd6e07efc45a?callback=jsonp1517491367649&_=1517491367669 HTTP/1.0" 200 256 http-bio-8093-exec-3 2
0:0:0:0:0:0:0:1 - - [01/Feb/2018:21:22:48 +0800] "GET /user/query/e9893647996a26d656adfd6e07efc45a?callback=jsonp1517491368237&_=1517491368257 HTTP/1.0" 200 256 http-bio-8093-exec-4 3
127.0.0.1 - - [01/Feb/2018:21:22:48 +0800] "GET /user/query/e9893647996a26d656adfd6e07efc45a?callback=jsonp1517491368818&_=1517491368836 HTTP/1.0" 200 256 http-bio-8093-exec-5 3
0:0:0:0:0:0:0:1 - - [01/Feb/2018:21:22:49 +0800] "GET /user/query/e9893647996a26d656adfd6e07efc45a?callback=jsonp1517491369043&_=1517491369058 HTTP/1.0" 200 256 http-bio-8093-exec-6 4
127.0.0.1 - - [01/Feb/2018:21:22:49 +0800] "GET /user/query/e9893647996a26d656adfd6e07efc45a?callback=jsonp1517491369283&_=1517491369302 HTTP/1.0" 200 256 http-bio-8093-exec-7 3
0:0:0:0:0:0:0:1 - - [01/Feb/2018:21:22:49 +0800] "GET /user/query/e9893647996a26d656adfd6e07efc45a?callback=jsonp1517491369491&_=1517491369507 HTTP/1.0" 200 256 http-bio-8093-exec-8 5
127.0.0.1 - - [01/Feb/2018:21:22:49 +0800] "GET /user/query/e9893647996a26d656adfd6e07efc45a?callback=jsonp1517491369721&_=1517491369739 HTTP/1.0" 200 256 http-bio-8093-exec-9 3
0:0:0:0:0:0:0:1 - - [01/Feb/2018:21:22:50 +0800] "GET /user/query/e9893647996a26d656adfd6e07efc45a?callback=jsonp1517491370338&_=1517491370351 HTTP/1.0" 200 256 http-bio-8093-exec-10 3
127.0.0.1 - - [01/Feb/2018:21:22:50 +0800] "GET /user/query/e9893647996a26d656adfd6e07efc45a?callback=jsonp1517491370544&_=1517491370561 HTTP/1.0" 200 256 http-bio-8093-exec-1 3
0:0:0:0:0:0:0:1 - - [01/Feb/2018:21:22:50 +0800] "GET /user/query/e9893647996a26d656adfd6e07efc45a?callback=jsonp1517491370858&_=1517491370872 HTTP/1.0" 200 256 http-bio-8093-exec-2 4
127.0.0.1 - - [01/Feb/2018:21:22:51 +0800] "GET /user/query/e9893647996a26d656adfd6e07efc45a?callback=jsonp1517491371078&_=1517491371096 HTTP/1.0" 200 256 http-bio-8093-exec-3 3
0:0:0:0:0:0:0:1 - - [01/Feb/2018:21:22:51 +0800] "GET /user/query/e9893647996a26d656adfd6e07efc45a?callback=jsonp1517491371470&_=1517491371483 HTTP/1.0" 200 256 http-bio-8093-exec-4 3
127.0.0.1 - - [01/Feb/2018:21:22:51 +0800] "GET /user/query/e9893647996a26d656adfd6e07efc45a?callback=jsonp1517491371849&_=1517491371868 HTTP/1.0" 200 256 http-bio-8093-exec-5 3
0:0:0:0:0:0:0:1 - - [01/Feb/2018:21:22:52 +0800] "GET /user/query/e9893647996a26d656adfd6e07efc45a?callback=jsonp1517491372059&_=1517491372073 HTTP/1.0" 200 256 http-bio-8093-exec-6 5
127.0.0.1 - - [01/Feb/2018:21:22:52 +0800] "GET /user/query/e9893647996a26d656adfd6e07efc45a?callback=jsonp1517491372546&_=1517491372563 HTTP/1.0" 200 256 http-bio-8093-exec-7 3
0:0:0:0:0:0:0:1 - - [01/Feb/2018:21:22:53 +0800] "GET /user/query/e9893647996a26d656adfd6e07efc45a?callback=jsonp1517491373141&_=1517491373153 HTTP/1.0" 200 256 http-bio-8093-exec-8 4
127.0.0.1 - - [01/Feb/2018:21:22:53 +0800] "GET /user/query/e9893647996a26d656adfd6e07efc45a?callback=jsonp1517491373604&_=1517491373617 HTTP/1.0" 200 256 http-bio-8093-exec-9 4
0:0:0:0:0:0:0:1 - - [01/Feb/2018:21:22:53 +0800] "GET /user/query/e9893647996a26d656adfd6e07efc45a?callback=jsonp1517491373814&_=1517491373830 HTTP/1.0" 200 256 http-bio-8093-exec-10 3
127.0.0.1 - - [01/Feb/2018:21:22:54 +0800] "GET /user/query/e9893647996a26d656adfd6e07efc45a?callback=jsonp1517491374091&_=1517491374109 HTTP/1.0" 200 256 http-bio-8093-exec-1 2
0:0:0:0:0:0:0:1 - - [01/Feb/2018:21:22:54 +0800] "GET /user/query/e9893647996a26d656adfd6e07efc45a?callback=jsonp1517491374323&_=1517491374336 HTTP/1.0" 200 256 http-bio-8093-exec-2 4
127.0.0.1 - - [01/Feb/2018:21:22:54 +0800] "GET /user/query/e9893647996a26d656adfd6e07efc45a?callback=jsonp1517491374523&_=1517491374536 HTTP/1.0" 200 256 http-bio-8093-exec-3 3
0:0:0:0:0:0:0:1 - - [01/Feb/2018:21:22:55 +0800] "GET /user/query/e9893647996a26d656adfd6e07efc45a?callback=jsonp1517491375627&_=1517491375643 HTTP/1.0" 200 256 http-bio-8093-exec-4 4
127.0.0.1 - - [01/Feb/2018:21:22:56 +0800] "GET /user/query/e9893647996a26d656adfd6e07efc45a?callback=jsonp1517491376325&_=1517491376337 HTTP/1.0" 200 256 http-bio-8093-exec-5 4
0:0:0:0:0:0:0:1 - - [01/Feb/2018:21:22:56 +0800] "GET /user/query/e9893647996a26d656adfd6e07efc45a?callback=jsonp1517491376870&_=1517491376883 HTTP/1.0" 200 256 http-bio-8093-exec-6 3
127.0.0.1 - - [01/Feb/2018:21:22:57 +0800] "GET /user/query/e9893647996a26d656adfd6e07efc45a?callback=jsonp1517491377423&_=1517491377437 HTTP/1.0" 200 256 http-bio-8093-exec-7 3
0:0:0:0:0:0:0:1 - - [01/Feb/2018:21:22:57 +0800] "GET /user/query/e9893647996a26d656adfd6e07efc45a?callback=jsonp1517491377629&_=1517491377649 HTTP/1.0" 200 256 http-bio-8093-exec-8 3
127.0.0.1 - - [01/Feb/2018:21:22:57 +0800] "GET /user/query/e9893647996a26d656adfd6e07efc45a?callback=jsonp1517491377831&_=1517491377851 HTTP/1.0" 200 256 http-bio-8093-exec-9 3
0:0:0:0:0:0:0:1 - - [01/Feb/2018:21:22:58 +0800] "GET /user/query/e9893647996a26d656adfd6e07efc45a?callback=jsonp1517491378044&_=1517491378060 HTTP/1.0" 200 256 http-bio-8093-exec-10 3
127.0.0.1 - - [01/Feb/2018:21:23:10 +0800] "GET /user/query/e9893647996a26d656adfd6e07efc45a?callback=jsonp1517491390714&_=1517491390736 HTTP/1.0" 200 256 http-bio-8093-exec-1 3
0:0:0:0:0:0:0:1 - - [01/Feb/2018:21:23:11 +0800] "GET /user/query/e9893647996a26d656adfd6e07efc45a?callback=jsonp1517491391224&_=1517491391242 HTTP/1.0" 200 256 http-bio-8093-exec-2 3
127.0.0.1 - - [01/Feb/2018:21:23:11 +0800] "GET /user/query/e9893647996a26d656adfd6e07efc45a?callback=jsonp1517491391610&_=1517491391630 HTTP/1.0" 200 256 http-bio-8093-exec-3 4
0:0:0:0:0:0:0:1 - - [01/Feb/2018:21:23:11 +0800] "GET /user/query/e9893647996a26d656adfd6e07efc45a?callback=jsonp1517491391945&_=1517491391960 HTTP/1.0" 200 256 http-bio-8093-exec-4 3
127.0.0.1 - - [01/Feb/2018:21:23:12 +0800] "GET /user/query/e9893647996a26d656adfd6e07efc45a?callback=jsonp1517491392547&_=1517491392560 HTTP/1.0" 200 256 http-bio-8093-exec-5 4
0:0:0:0:0:0:0:1 - - [01/Feb/2018:21:23:13 +0800] "GET /user/query/e9893647996a26d656adfd6e07efc45a?callback=jsonp1517491393086&_=1517491393104 HTTP/1.0" 200 256 http-bio-8093-exec-6 3
127.0.0.1 - - [01/Feb/2018:21:23:13 +0800] "GET /user/query/e9893647996a26d656adfd6e07efc45a?callback=jsonp1517491393613&_=1517491393630 HTTP/1.0" 200 256 http-bio-8093-exec-7 5
0:0:0:0:0:0:0:1 - - [01/Feb/2018:21:23:14 +0800] "GET /user/query/e9893647996a26d656adfd6e07efc45a?callback=jsonp1517491394031&_=1517491394057 HTTP/1.0" 200 256 http-bio-8093-exec-8 3
127.0.0.1 - - [01/Feb/2018:21:23:14 +0800] "GET /user/query/e9893647996a26d656adfd6e07efc45a?callback=jsonp1517491394443&_=1517491394456 HTTP/1.0" 200 256 http-bio-8093-exec-9 4
0:0:0:0:0:0:0:1 - - [01/Feb/2018:21:23:14 +0800] "GET /user/query/e9893647996a26d656adfd6e07efc45a?callback=jsonp1517491394865&_=1517491394883 HTTP/1.0" 200 256 http-bio-8093-exec-10 4
127.0.0.1 - - [01/Feb/2018:21:23:15 +0800] "GET /user/query/e9893647996a26d656adfd6e07efc45a?callback=jsonp1517491395316&_=1517491395332 HTTP/1.0" 200 256 http-bio-8093-exec-1 4
0:0:0:0:0:0:0:1 - - [01/Feb/2018:21:23:22 +0800] "GET /user/query/e9893647996a26d656adfd6e07efc45a?callback=jsonp1517491402886&_=1517491402910 HTTP/1.0" 200 256 http-bio-8093-exec-2 3
127.0.0.1 - - [01/Feb/2018:21:23:23 +0800] "GET /user/query/e9893647996a26d656adfd6e07efc45a?callback=jsonp1517491403311&_=1517491403332 HTTP/1.0" 200 256 http-bio-8093-exec-3 3
0:0:0:0:0:0:0:1 - - [01/Feb/2018:21:23:23 +0800] "GET /user/query/e9893647996a26d656adfd6e07efc45a?callback=jsonp1517491403557&_=1517491403574 HTTP/1.0" 200 256 http-bio-8093-exec-4 3
127.0.0.1 - - [01/Feb/2018:21:23:23 +0800] "GET /user/query/e9893647996a26d656adfd6e07efc45a?callback=jsonp1517491403839&_=1517491403855 HTTP/1.0" 200 256 http-bio-8093-exec-5 3
0:0:0:0:0:0:0:1 - - [01/Feb/2018:21:23:24 +0800] "GET /user/query/e9893647996a26d656adfd6e07efc45a?callback=jsonp1517491404052&_=1517491404077 HTTP/1.0" 200 256 http-bio-8093-exec-6 4
127.0.0.1 - - [01/Feb/2018:21:23:24 +0800] "GET /user/query/e9893647996a26d656adfd6e07efc45a?callback=jsonp1517491404441&_=1517491404459 HTTP/1.0" 200 256 http-bio-8093-exec-7 2
0:0:0:0:0:0:0:1 - - [01/Feb/2018:21:23:24 +0800] "GET /user/query/e9893647996a26d656adfd6e07efc45a?callback=jsonp1517491404650&_=1517491404665 HTTP/1.0" 200 256 http-bio-8093-exec-8 2
127.0.0.1 - - [01/Feb/2018:21:23:24 +0800] "GET /user/query/e9893647996a26d656adfd6e07efc45a?callback=jsonp1517491404852&_=1517491404866 HTTP/1.0" 200 256 http-bio-8093-exec-9 4
0:0:0:0:0:0:0:1 - - [01/Feb/2018:21:23:25 +0800] "GET /user/query/e9893647996a26d656adfd6e07efc45a?callback=jsonp1517491405072&_=1517491405088 HTTP/1.0" 200 256 http-bio-8093-exec-10 3
127.0.0.1 - - [01/Feb/2018:21:23:25 +0800] "GET /user/query/e9893647996a26d656adfd6e07efc45a?callback=jsonp1517491405404&_=1517491405419 HTTP/1.0" 200 256 http-bio-8093-exec-1 3
0:0:0:0:0:0:0:1 - - [01/Feb/2018:21:23:25 +0800] "GET /user/query/e9893647996a26d656adfd6e07efc45a?callback=jsonp1517491405780&_=1517491405795 HTTP/1.0" 200 256 http-bio-8093-exec-2 3
127.0.0.1 - - [01/Feb/2018:21:23:26 +0800] "GET /user/query/e9893647996a26d656adfd6e07efc45a?callback=jsonp1517491406200&_=1517491406214 HTTP/1.0" 200 256 http-bio-8093-exec-3 4
0:0:0:0:0:0:0:1 - - [01/Feb/2018:21:23:26 +0800] "GET /user/query/e9893647996a26d656adfd6e07efc45a?callback=jsonp1517491406596&_=1517491406614 HTTP/1.0" 200 256 http-bio-8093-exec-4 4
127.0.0.1 - - [01/Feb/2018:21:23:26 +0800] "GET /user/query/e9893647996a26d656adfd6e07efc45a?callback=jsonp1517491406937&_=1517491406959 HTTP/1.0" 200 256 http-bio-8093-exec-5 3
0:0:0:0:0:0:0:1 - - [01/Feb/2018:21:23:27 +0800] "GET /user/query/e9893647996a26d656adfd6e07efc45a?callback=jsonp1517491407339&_=1517491407361 HTTP/1.0" 200 256 http-bio-8093-exec-6 3
127.0.0.1 - - [01/Feb/2018:21:23:27 +0800] "GET /user/query/e9893647996a26d656adfd6e07efc45a?callback=jsonp1517491407722&_=1517491407750 HTTP/1.0" 200 256 http-bio-8093-exec-7 4
0:0:0:0:0:0:0:1 - - [01/Feb/2018:21:23:28 +0800] "GET /user/query/e9893647996a26d656adfd6e07efc45a?callback=jsonp1517491408073&_=1517491408097 HTTP/1.0" 200 256 http-bio-8093-exec-8 3
127.0.0.1 - - [01/Feb/2018:21:23:28 +0800] "GET /user/query/e9893647996a26d656adfd6e07efc45a?callback=jsonp1517491408458&_=1517491408484 HTTP/1.0" 200 256 http-bio-8093-exec-9 5
0:0:0:0:0:0:0:1 - - [01/Feb/2018:21:23:28 +0800] "GET /user/query/e9893647996a26d656adfd6e07efc45a?callback=jsonp1517491408809&_=1517491408827 HTTP/1.0" 200 256 http-bio-8093-exec-10 3
127.0.0.1 - - [01/Feb/2018:21:23:29 +0800] "GET /user/query/e9893647996a26d656adfd6e07efc45a?callback=jsonp1517491409200&_=1517491409219 HTTP/1.0" 200 256 http-bio-8093-exec-1 4
0:0:0:0:0:0:0:1 - - [01/Feb/2018:21:23:29 +0800] "GET /user/query/e9893647996a26d656adfd6e07efc45a?callback=jsonp1517491409602&_=1517491409625 HTTP/1.0" 200 256 http-bio-8093-exec-2 3
127.0.0.1 - - [01/Feb/2018:21:23:30 +0800] "GET /user/query/e9893647996a26d656adfd6e07efc45a?callback=jsonp1517491410002&_=1517491410020 HTTP/1.0" 200 256 http-bio-8093-exec-3 3
0:0:0:0:0:0:0:1 - - [01/Feb/2018:21:23:30 +0800] "GET /user/query/e9893647996a26d656adfd6e07efc45a?callback=jsonp1517491410360&_=1517491410389 HTTP/1.0" 200 256 http-bio-8093-exec-4 4
127.0.0.1 - - [01/Feb/2018:21:23:30 +0800] "GET /user/query/e9893647996a26d656adfd6e07efc45a?callback=jsonp1517491410766&_=1517491410787 HTTP/1.0" 200 256 http-bio-8093-exec-5 4
0:0:0:0:0:0:0:1 - - [01/Feb/2018:21:23:31 +0800] "GET /user/query/e9893647996a26d656adfd6e07efc45a?callback=jsonp1517491411165&_=1517491411186 HTTP/1.0" 200 256 http-bio-8093-exec-6 4
127.0.0.1 - - [01/Feb/2018:21:23:31 +0800] "GET /user/query/e9893647996a26d656adfd6e07efc45a?callback=jsonp1517491411472&_=1517491411490 HTTP/1.0" 200 256 http-bio-8093-exec-7 3
